// Jest Snapshot v1, https://goo.gl/fbAQLP

exports[`Main renders correctly 1`] = `
<Styled(View)>
  <ActivityIndicator
    animating={true}
    color="#00897b"
    hidesWhenStopped={true}
    size="large"
  />
</Styled(View)>
`;
